------------------------------------------------------------
TimeQuest Timing Analyzer Summary
------------------------------------------------------------

Type  : Slow 1200mV 85C Model Setup 'oscilloscpoe:comb_3|time_division:i5|clk_out'
Slack : -3.358
TNS   : -41.250

Type  : Slow 1200mV 85C Model Setup 'CLOCK_50'
Slack : -3.126
TNS   : -186.105

Type  : Slow 1200mV 85C Model Setup 'oscilloscpoe:comb_3|VGA_CTRL:i2|clkp'
Slack : -1.660
TNS   : -23.119

Type  : Slow 1200mV 85C Model Setup 'oscilloscpoe:comb_3|time_division:i5|func_clk'
Slack : -1.622
TNS   : -55.599

Type  : Slow 1200mV 85C Model Hold 'CLOCK_50'
Slack : -0.219
TNS   : -0.455

Type  : Slow 1200mV 85C Model Hold 'oscilloscpoe:comb_3|time_division:i5|clk_out'
Slack : 0.097
TNS   : 0.000

Type  : Slow 1200mV 85C Model Hold 'oscilloscpoe:comb_3|time_division:i5|func_clk'
Slack : 0.329
TNS   : 0.000

Type  : Slow 1200mV 85C Model Hold 'oscilloscpoe:comb_3|VGA_CTRL:i2|clkp'
Slack : 0.342
TNS   : 0.000

Type  : Slow 1200mV 85C Model Recovery 'CLOCK_50'
Slack : -1.168
TNS   : -1.168

Type  : Slow 1200mV 85C Model Removal 'CLOCK_50'
Slack : 1.618
TNS   : 0.000

Type  : Slow 1200mV 85C Model Minimum Pulse Width 'CLOCK_50'
Slack : -3.000
TNS   : -91.696

Type  : Slow 1200mV 85C Model Minimum Pulse Width 'oscilloscpoe:comb_3|time_division:i5|func_clk'
Slack : -1.000
TNS   : -79.000

Type  : Slow 1200mV 85C Model Minimum Pulse Width 'oscilloscpoe:comb_3|time_division:i5|clk_out'
Slack : -1.000
TNS   : -21.000

Type  : Slow 1200mV 85C Model Minimum Pulse Width 'oscilloscpoe:comb_3|VGA_CTRL:i2|clkp'
Slack : -1.000
TNS   : -20.000

Type  : Slow 1200mV 0C Model Setup 'oscilloscpoe:comb_3|time_division:i5|clk_out'
Slack : -2.909
TNS   : -34.692

Type  : Slow 1200mV 0C Model Setup 'CLOCK_50'
Slack : -2.714
TNS   : -158.915

Type  : Slow 1200mV 0C Model Setup 'oscilloscpoe:comb_3|time_division:i5|func_clk'
Slack : -1.358
TNS   : -42.622

Type  : Slow 1200mV 0C Model Setup 'oscilloscpoe:comb_3|VGA_CTRL:i2|clkp'
Slack : -1.356
TNS   : -18.240

Type  : Slow 1200mV 0C Model Hold 'CLOCK_50'
Slack : -0.205
TNS   : -0.421

Type  : Slow 1200mV 0C Model Hold 'oscilloscpoe:comb_3|time_division:i5|clk_out'
Slack : 0.097
TNS   : 0.000

Type  : Slow 1200mV 0C Model Hold 'oscilloscpoe:comb_3|VGA_CTRL:i2|clkp'
Slack : 0.298
TNS   : 0.000

Type  : Slow 1200mV 0C Model Hold 'oscilloscpoe:comb_3|time_division:i5|func_clk'
Slack : 0.307
TNS   : 0.000

Type  : Slow 1200mV 0C Model Recovery 'CLOCK_50'
Slack : -0.938
TNS   : -0.938

Type  : Slow 1200mV 0C Model Removal 'CLOCK_50'
Slack : 1.441
TNS   : 0.000

Type  : Slow 1200mV 0C Model Minimum Pulse Width 'CLOCK_50'
Slack : -3.000
TNS   : -91.696

Type  : Slow 1200mV 0C Model Minimum Pulse Width 'oscilloscpoe:comb_3|time_division:i5|func_clk'
Slack : -1.000
TNS   : -79.000

Type  : Slow 1200mV 0C Model Minimum Pulse Width 'oscilloscpoe:comb_3|time_division:i5|clk_out'
Slack : -1.000
TNS   : -21.000

Type  : Slow 1200mV 0C Model Minimum Pulse Width 'oscilloscpoe:comb_3|VGA_CTRL:i2|clkp'
Slack : -1.000
TNS   : -20.000

Type  : Fast 1200mV 0C Model Setup 'oscilloscpoe:comb_3|time_division:i5|clk_out'
Slack : -1.488
TNS   : -14.343

Type  : Fast 1200mV 0C Model Setup 'CLOCK_50'
Slack : -1.380
TNS   : -70.845

Type  : Fast 1200mV 0C Model Setup 'oscilloscpoe:comb_3|VGA_CTRL:i2|clkp'
Slack : -0.525
TNS   : -5.287

Type  : Fast 1200mV 0C Model Setup 'oscilloscpoe:comb_3|time_division:i5|func_clk'
Slack : -0.491
TNS   : -9.355

Type  : Fast 1200mV 0C Model Hold 'CLOCK_50'
Slack : -0.196
TNS   : -0.410

Type  : Fast 1200mV 0C Model Hold 'oscilloscpoe:comb_3|time_division:i5|clk_out'
Slack : -0.005
TNS   : -0.009

Type  : Fast 1200mV 0C Model Hold 'oscilloscpoe:comb_3|time_division:i5|func_clk'
Slack : 0.169
TNS   : 0.000

Type  : Fast 1200mV 0C Model Hold 'oscilloscpoe:comb_3|VGA_CTRL:i2|clkp'
Slack : 0.175
TNS   : 0.000

Type  : Fast 1200mV 0C Model Recovery 'CLOCK_50'
Slack : -0.248
TNS   : -0.248

Type  : Fast 1200mV 0C Model Removal 'CLOCK_50'
Slack : 0.902
TNS   : 0.000

Type  : Fast 1200mV 0C Model Minimum Pulse Width 'CLOCK_50'
Slack : -3.000
TNS   : -92.354

Type  : Fast 1200mV 0C Model Minimum Pulse Width 'oscilloscpoe:comb_3|time_division:i5|func_clk'
Slack : -1.000
TNS   : -79.000

Type  : Fast 1200mV 0C Model Minimum Pulse Width 'oscilloscpoe:comb_3|time_division:i5|clk_out'
Slack : -1.000
TNS   : -21.000

Type  : Fast 1200mV 0C Model Minimum Pulse Width 'oscilloscpoe:comb_3|VGA_CTRL:i2|clkp'
Slack : -1.000
TNS   : -20.000

------------------------------------------------------------
